// Jest Snapshot v1, https://goo.gl/fbAQLP

exports[` should  1`] = `
<div>
  <div
    class="ec-title w-full flex items-center justify-between h-12 mb-4  border-bottom"
  >
    <div
      class="inline-flex items-center font-medium mr-2"
    >
      <div
        class="text-lg"
      >
        erda title
      </div>
    </div>
    <div
      class="flex-1 inline-flex items-center justify-end"
    />
  </div>
</div>
`;
