// Jest Snapshot v1, https://goo.gl/fbAQLP

exports[`Copy render copy with string children 1`] = `
<div>
  <div
    className="for-copy"
    data-clipboard-text="hello world"
    data-clipboard-tip="Email"
  >
    hello world
  </div>
  <Copy
    className="for-copy"
    copyText="Copy"
    selector="for_copy-select"
  >
    <span
      className="for-copy for-copy"
      data-clipboard-text="Copy"
      selector="for_copy-select"
    >
      copy
    </span>
  </Copy>
</div>
`;
