// Jest Snapshot v1, https://goo.gl/fbAQLP

exports[`ReadonlyForm should render well 1`] = `
<div>
  <form
    class="ant-form ant-form-vertical"
  >
    <div
      class="ant-row ant-form-item"
    >
      <div
        class="ant-col ant-form-item-label"
      >
        <label
          class=""
          title="Avatar"
        >
          Avatar
        </label>
      </div>
      <div
        class="ant-col ant-form-item-control"
      >
        <div
          class="ant-form-item-control-input"
        >
          <div
            class="ant-form-item-control-input-content"
          >
            <span
              class="ant-avatar ant-avatar-square ant-avatar-image"
              style="width: 100px; height: 100px; line-height: 100px; font-size: 18px;"
            >
              <img
                src="Avatar img url"
              />
            </span>
          </div>
        </div>
      </div>
    </div>
    <div
      class="ant-row ant-form-item"
    >
      <div
        class="ant-col ant-form-item-label"
      >
        <label
          class=""
          title="name"
        >
          name
        </label>
      </div>
      <div
        class="ant-col ant-form-item-control"
      >
        <div
          class="ant-form-item-control-input"
        >
          <div
            class="ant-form-item-control-input-content"
          >
            <p
              style="word-break: break-all;"
            >
                
              ERDA
            </p>
          </div>
        </div>
      </div>
    </div>
    <div
      class="ant-row ant-form-item"
    >
      <div
        class="ant-col ant-form-item-label"
      >
        <label
          class=""
          title="tags"
        >
          tags
        </label>
      </div>
      <div
        class="ant-col ant-form-item-control"
      >
        <div
          class="ant-form-item-control-input"
        >
          <div
            class="ant-form-item-control-input-content"
          >
            <p
              style="word-break: break-all;"
            >
              <span>
                  
                success
                <br />
              </span>
              <span>
                  
                error
                <br />
              </span>
            </p>
          </div>
        </div>
      </div>
    </div>
    <div
      class="ant-row ant-form-item"
    >
      <div
        class="ant-col ant-form-item-label"
      >
        <label
          class=""
          title="status"
        >
          status
        </label>
      </div>
      <div
        class="ant-col ant-form-item-control"
      >
        <div
          class="ant-form-item-control-input"
        >
          <div
            class="ant-form-item-control-input-content"
          >
            <p
              style="word-break: break-all;"
            >
              <span>
                  
                {"status":"success","color":"green"}
                <br />
              </span>
              <span>
                  
                {"status":"error","color":"red"}
                <br />
              </span>
            </p>
          </div>
        </div>
      </div>
    </div>
    <div
      class="ant-row ant-form-item"
    >
      <div
        class="ant-col ant-form-item-label"
      >
        <label
          class=""
          title="info"
        >
          info
        </label>
      </div>
      <div
        class="ant-col ant-form-item-control"
      >
        <div
          class="ant-form-item-control-input"
        >
          <div
            class="ant-form-item-control-input-content"
          >
            <p
              style="word-break: break-all;"
            >
                
              [object Object]
            </p>
          </div>
        </div>
      </div>
    </div>
  </form>
</div>
`;
